<dataset>
	<users id="1" name="Sirou" />
</dataset>